// Jest Snapshot v1, https://goo.gl/fbAQLP

exports[`This should be true It renders correctly 1`] = `
<div>
  <h1>
    More homes you may like
  </h1>
  <div
    className="outerCarouselComponent"
  >
    <div
      className="outerLeftButton"
      onClick={[Function]}
    />
    <div
      className="outerCarousel"
    >
      <div
        className="slider"
      >
        <span
          className="outerCarouselItem"
          style={
            Object {
              "background": "#bbaadd",
            }
          }
        >
          Outer Carousel Item Number 
          0
          <div>
            I'm a stupid innerCarousel
          </div>
        </span>
        <span
          className="outerCarouselItem"
          style={
            Object {
              "background": "#bbaacc",
            }
          }
        >
          Outer Carousel Item Number 
          1
          <div>
            I'm a stupid innerCarousel
          </div>
        </span>
        <span
          className="outerCarouselItem"
          style={
            Object {
              "background": "#bbccdd",
            }
          }
        >
          Outer Carousel Item Number 
          2
          <div>
            I'm a stupid innerCarousel
          </div>
        </span>
        <span
          className="outerCarouselItem"
          style={
            Object {
              "background": "#ccaadd",
            }
          }
        >
          Outer Carousel Item Number 
          3
          <div>
            I'm a stupid innerCarousel
          </div>
        </span>
        <span
          className="outerCarouselItem"
          style={
            Object {
              "background": "#bbaadd",
            }
          }
        >
          Outer Carousel Item Number 
          4
          <div>
            I'm a stupid innerCarousel
          </div>
        </span>
        <span
          className="outerCarouselItem"
          style={
            Object {
              "background": "#bbaacc",
            }
          }
        >
          Outer Carousel Item Number 
          5
          <div>
            I'm a stupid innerCarousel
          </div>
        </span>
      </div>
    </div>
    <div
      className="outerRightButton"
      onClick={[Function]}
    />
  </div>
</div>
`;
